com\masroofy\controller\ExpenseController.class
com\masroofy\controller\historyScreenController$2.class
com\masroofy\model\Category.class
com\masroofy\controller\Settings.class
com\masroofy\view\placeHolderToBeDeleted.class
com\masroofy\model\BudgetCycle.class
com\masroofy\controller\PinEntryController.class
com\masroofy\model\BudgetCalculator.class
com\masroofy\model\databaseManager$1.class
com\masroofy\controller\ExpenseController$1.class
com\masroofy\controller\AnalyticsController.class
com\masroofy\model\Expense.class
com\masroofy\model\databaseManager.class
com\masroofy\model\ExpenseManager.class
com\masroofy\MainApp.class
com\masroofy\model\Authentication.class
com\masroofy\controller\historyScreenController.class
com\masroofy\Launcher.class
com\masroofy\controller\MainController.class
com\masroofy\controller\ExportController.class
com\masroofy\controller\SettingsController.class
com\masroofy\controller\SetupController.class
com\masroofy\controller\AboutController.class
com\masroofy\controller\historyScreenController$1.class
