C:\Users\Dell\IdeaProjects\javafx-Masroofy-cringe\src\main\java\com\masroofy\controller\AboutController.java
C:\Users\Dell\IdeaProjects\javafx-Masroofy-cringe\src\main\java\com\masroofy\controller\AnalyticsController.java
C:\Users\Dell\IdeaProjects\javafx-Masroofy-cringe\src\main\java\com\masroofy\controller\ExpenseController.java
C:\Users\Dell\IdeaProjects\javafx-Masroofy-cringe\src\main\java\com\masroofy\controller\ExportController.java
C:\Users\Dell\IdeaProjects\javafx-Masroofy-cringe\src\main\java\com\masroofy\controller\historyScreenController.java
C:\Users\Dell\IdeaProjects\javafx-Masroofy-cringe\src\main\java\com\masroofy\controller\MainController.java
C:\Users\Dell\IdeaProjects\javafx-Masroofy-cringe\src\main\java\com\masroofy\controller\PinEntryController.java
C:\Users\Dell\IdeaProjects\javafx-Masroofy-cringe\src\main\java\com\masroofy\controller\Settings.java
C:\Users\Dell\IdeaProjects\javafx-Masroofy-cringe\src\main\java\com\masroofy\controller\SettingsController.java
C:\Users\Dell\IdeaProjects\javafx-Masroofy-cringe\src\main\java\com\masroofy\controller\SetupController.java
C:\Users\Dell\IdeaProjects\javafx-Masroofy-cringe\src\main\java\com\masroofy\Launcher.java
C:\Users\Dell\IdeaProjects\javafx-Masroofy-cringe\src\main\java\com\masroofy\MainApp.java
C:\Users\Dell\IdeaProjects\javafx-Masroofy-cringe\src\main\java\com\masroofy\model\Authentication.java
C:\Users\Dell\IdeaProjects\javafx-Masroofy-cringe\src\main\java\com\masroofy\model\BudgetCalculator.java
C:\Users\Dell\IdeaProjects\javafx-Masroofy-cringe\src\main\java\com\masroofy\model\BudgetCycle.java
C:\Users\Dell\IdeaProjects\javafx-Masroofy-cringe\src\main\java\com\masroofy\model\Category.java
C:\Users\Dell\IdeaProjects\javafx-Masroofy-cringe\src\main\java\com\masroofy\model\databaseManager.java
C:\Users\Dell\IdeaProjects\javafx-Masroofy-cringe\src\main\java\com\masroofy\model\Expense.java
C:\Users\Dell\IdeaProjects\javafx-Masroofy-cringe\src\main\java\com\masroofy\model\ExpenseManager.java
C:\Users\Dell\IdeaProjects\javafx-Masroofy-cringe\src\main\java\com\masroofy\view\placeHolderToBeDeleted.java
